TAP version 13
# Subtest: MemoryStore.get binary fields cannot mutate retained encoded cache state
not ok 1 - MemoryStore.get binary fields cannot mutate retained encoded cache state
  ---
  duration_ms: 3.386208
  type: 'test'
  location: '/Users/apple/Desktop/LazyLayers/test/audit-binary-ownership.test.js:16:1'
  failureType: 'testCodeFailure'
  error: |-
    Expected values to be strictly deep-equal:
    + actual - expected
    
      [
    +   99,
    +   99,
    +   99
    -   17,
    -   34,
    -   51
      ]
    
  code: 'ERR_ASSERTION'
  name: 'AssertionError'
  expected:
    0: 17
    1: 34
    2: 51
  actual:
    0: 99
    1: 99
    2: 99
  operator: 'deepStrictEqual'
  stack: |-
    TestContext.<anonymous> (file:///Users/apple/Desktop/LazyLayers/test/audit-binary-ownership.test.js:23:12)
    async Test.run (node:internal/test_runner/test:1409:7)
    async startSubtestAfterBootstrap (node:internal/test_runner/harness:387:3)
  ...
# Subtest: MemoryStore.inspect binary previews cannot mutate retained encoded cache state
not ok 2 - MemoryStore.inspect binary previews cannot mutate retained encoded cache state
  ---
  duration_ms: 0.4955
  type: 'test'
  location: '/Users/apple/Desktop/LazyLayers/test/audit-binary-ownership.test.js:27:1'
  failureType: 'testCodeFailure'
  error: |-
    Expected values to be strictly deep-equal:
    + actual - expected
    
      [
    +   88,
    +   88,
    +   88
    -   17,
    -   34,
    -   51
      ]
    
  code: 'ERR_ASSERTION'
  name: 'AssertionError'
  expected:
    0: 17
    1: 34
    2: 51
  actual:
    0: 88
    1: 88
    2: 88
  operator: 'deepStrictEqual'
  stack: |-
    TestContext.<anonymous> (file:///Users/apple/Desktop/LazyLayers/test/audit-binary-ownership.test.js:34:12)
    async Test.run (node:internal/test_runner/test:1409:7)
    async Test.processPendingSubtests (node:internal/test_runner/test:974:7)
  ...
# Subtest: strict binary decode owns its result while legacy no-option decode keeps its behavior
not ok 3 - strict binary decode owns its result while legacy no-option decode keeps its behavior
  ---
  duration_ms: 0.087
  type: 'test'
  location: '/Users/apple/Desktop/LazyLayers/test/audit-binary-ownership.test.js:38:1'
  failureType: 'testCodeFailure'
  error: 'decodeCacheRecord is not a function'
  code: 'ERR_TEST_FAILURE'
  name: 'TypeError'
  stack: |-
    TestContext.<anonymous> (file:///Users/apple/Desktop/LazyLayers/test/audit-binary-ownership.test.js:40:18)
    Test.runInAsyncScope (node:async_hooks:227:14)
    Test.run (node:internal/test_runner/test:1402:25)
    Test.processPendingSubtests (node:internal/test_runner/test:974:18)
    Test.postRun (node:internal/test_runner/test:1542:19)
    Test.run (node:internal/test_runner/test:1467:12)
    async Test.processPendingSubtests (node:internal/test_runner/test:974:7)
  ...
# Subtest: portable strict binary decode owns its result while public legacy view semantics remain
not ok 4 - portable strict binary decode owns its result while public legacy view semantics remain
  ---
  duration_ms: 0.08625
  type: 'test'
  location: '/Users/apple/Desktop/LazyLayers/test/audit-binary-ownership.test.js:50:1'
  failureType: 'testCodeFailure'
  error: 'Cloudflare KV compression must be auto or none'
  code: 'ERR_TEST_FAILURE'
  name: 'TypeError'
  stack: |-
    validateKVCompression (file:///private/tmp/lazy-layers-ca9c02a-audit/dist/utils/serializerPolicy.js:21:15)
    Object.serialize (file:///private/tmp/lazy-layers-ca9c02a-audit/dist/utils/cacheSerializer.js:7:9)
    serializeCacheValue (file:///private/tmp/lazy-layers-ca9c02a-audit/dist/utils/cacheSerializer.js:15:28)
    TestContext.<anonymous> (file:///Users/apple/Desktop/LazyLayers/test/audit-binary-ownership.test.js:51:21)
    Test.runInAsyncScope (node:async_hooks:227:14)
    Test.run (node:internal/test_runner/test:1402:25)
    Test.processPendingSubtests (node:internal/test_runner/test:974:18)
    Test.postRun (node:internal/test_runner/test:1542:19)
    Test.run (node:internal/test_runner/test:1467:12)
    async Test.processPendingSubtests (node:internal/test_runner/test:974:7)
  ...
1..4
# tests 4
# suites 0
# pass 0
# fail 4
# cancelled 0
# skipped 0
# todo 0
# duration_ms 124.0575
