TAP version 13
# Subtest: strict decode distinguishes malformed records from cached null
not ok 1 - strict decode distinguishes malformed records from cached null
  ---
  duration_ms: 0.766792
  type: 'test'
  location: '/Users/apple/Desktop/LazyLayers/test/decode-limits.test.js:13:1'
  failureType: 'testCodeFailure'
  error: |-
    built-in consumers need a strict bounded record decoder
    + actual - expected
    
    + 'undefined'
    - 'function'
    
  code: 'ERR_ASSERTION'
  name: 'AssertionError'
  expected: 'function'
  actual: 'undefined'
  operator: 'strictEqual'
  stack: |-
    decode (file:///Users/apple/Desktop/LazyLayers/test/decode-limits.test.js:9:10)
    TestContext.<anonymous> (file:///Users/apple/Desktop/LazyLayers/test/decode-limits.test.js:14:20)
    Test.runInAsyncScope (node:async_hooks:227:14)
    Test.run (node:internal/test_runner/test:1402:25)
    Test.start (node:internal/test_runner/test:1262:17)
    startSubtestAfterBootstrap (node:internal/test_runner/harness:387:17)
  ...
# Subtest: explicit exported decode limits preserve unbounded-default compatibility
not ok 2 - explicit exported decode limits preserve unbounded-default compatibility
  ---
  duration_ms: 1.716583
  type: 'test'
  location: '/Users/apple/Desktop/LazyLayers/test/decode-limits.test.js:20:1'
  failureType: 'testCodeFailure'
  error: |-
    explicit limits must bound actual expanded output
    
    false !== true
    
  code: 'ERR_ASSERTION'
  name: 'AssertionError'
  expected: true
  actual: false
  operator: 'strictEqual'
  stack: |-
    TestContext.<anonymous> (file:///Users/apple/Desktop/LazyLayers/test/decode-limits.test.js:24:10)
    Test.runInAsyncScope (node:async_hooks:227:14)
    Test.run (node:internal/test_runner/test:1402:25)
    Test.processPendingSubtests (node:internal/test_runner/test:974:18)
    Test.postRun (node:internal/test_runner/test:1542:19)
    Test.run (node:internal/test_runner/test:1467:12)
    async startSubtestAfterBootstrap (node:internal/test_runner/harness:387:3)
  ...
# Subtest: raw JSON and MessagePack honor encoded and expanded byte limits
not ok 3 - raw JSON and MessagePack honor encoded and expanded byte limits
  ---
  duration_ms: 0.10825
  type: 'test'
  location: '/Users/apple/Desktop/LazyLayers/test/decode-limits.test.js:29:1'
  failureType: 'testCodeFailure'
  error: |-
    built-in consumers need a strict bounded record decoder
    + actual - expected
    
    + 'undefined'
    - 'function'
    
  code: 'ERR_ASSERTION'
  name: 'AssertionError'
  expected: 'function'
  actual: 'undefined'
  operator: 'strictEqual'
  stack: |-
    decode (file:///Users/apple/Desktop/LazyLayers/test/decode-limits.test.js:9:10)
    TestContext.<anonymous> (file:///Users/apple/Desktop/LazyLayers/test/decode-limits.test.js:33:22)
    Test.runInAsyncScope (node:async_hooks:227:14)
    Test.run (node:internal/test_runner/test:1402:25)
    Test.processPendingSubtests (node:internal/test_runner/test:974:18)
    Test.postRun (node:internal/test_runner/test:1542:19)
    Test.run (node:internal/test_runner/test:1467:12)
    async Test.processPendingSubtests (node:internal/test_runner/test:974:7)
  ...
# Subtest: gzip output cap prevents expanded output from becoming a cache hit
not ok 4 - gzip output cap prevents expanded output from becoming a cache hit
  ---
  duration_ms: 0.776958
  type: 'test'
  location: '/Users/apple/Desktop/LazyLayers/test/decode-limits.test.js:39:1'
  failureType: 'testCodeFailure'
  error: |-
    built-in consumers need a strict bounded record decoder
    + actual - expected
    
    + 'undefined'
    - 'function'
    
  code: 'ERR_ASSERTION'
  name: 'AssertionError'
  expected: 'function'
  actual: 'undefined'
  operator: 'strictEqual'
  stack: |-
    decode (file:///Users/apple/Desktop/LazyLayers/test/decode-limits.test.js:9:10)
    TestContext.<anonymous> (file:///Users/apple/Desktop/LazyLayers/test/decode-limits.test.js:45:20)
    Test.runInAsyncScope (node:async_hooks:227:14)
    Test.run (node:internal/test_runner/test:1402:25)
    Test.processPendingSubtests (node:internal/test_runner/test:974:18)
    Test.postRun (node:internal/test_runner/test:1542:19)
    Test.run (node:internal/test_runner/test:1467:12)
    async Test.processPendingSubtests (node:internal/test_runner/test:974:7)
  ...
# Subtest: native length-prefixed codecs reject oversized advertised output
not ok 5 - native length-prefixed codecs reject oversized advertised output
  ---
  duration_ms: 0.101791
  type: 'test'
  location: '/Users/apple/Desktop/LazyLayers/test/decode-limits.test.js:48:1'
  failureType: 'testCodeFailure'
  error: |-
    built-in consumers need a strict bounded record decoder
    + actual - expected
    
    + 'undefined'
    - 'function'
    
  code: 'ERR_ASSERTION'
  name: 'AssertionError'
  expected: 'function'
  actual: 'undefined'
  operator: 'strictEqual'
  stack: |-
    decode (file:///Users/apple/Desktop/LazyLayers/test/decode-limits.test.js:9:10)
    TestContext.<anonymous> (file:///Users/apple/Desktop/LazyLayers/test/decode-limits.test.js:53:20)
    Test.runInAsyncScope (node:async_hooks:227:14)
    Test.run (node:internal/test_runner/test:1402:25)
    Test.processPendingSubtests (node:internal/test_runner/test:974:18)
    Test.postRun (node:internal/test_runner/test:1542:19)
    Test.run (node:internal/test_runner/test:1467:12)
    async Test.processPendingSubtests (node:internal/test_runner/test:974:7)
  ...
# Subtest: a tiny MessagePack header cannot allocate an advertised large array
not ok 6 - a tiny MessagePack header cannot allocate an advertised large array
  ---
  duration_ms: 0.138917
  type: 'test'
  location: '/Users/apple/Desktop/LazyLayers/test/decode-limits.test.js:57:1'
  failureType: 'testCodeFailure'
  error: |-
    declared lengths must be checked before constructing the decoded array
    
    1 !== 0
    
  code: 'ERR_ASSERTION'
  name: 'AssertionError'
  expected: 0
  actual: 1
  operator: 'strictEqual'
  stack: |-
    TestContext.<anonymous> (file:///Users/apple/Desktop/LazyLayers/test/decode-limits.test.js:68:12)
    Test.runInAsyncScope (node:async_hooks:227:14)
    Test.run (node:internal/test_runner/test:1402:25)
    Test.processPendingSubtests (node:internal/test_runner/test:974:18)
    Test.postRun (node:internal/test_runner/test:1542:19)
    Test.run (node:internal/test_runner/test:1467:12)
    async Test.processPendingSubtests (node:internal/test_runner/test:974:7)
  ...
# Subtest: strict depth, per-collection and aggregate-value budgets bound parser work
not ok 7 - strict depth, per-collection and aggregate-value budgets bound parser work
  ---
  duration_ms: 0.140625
  type: 'test'
  location: '/Users/apple/Desktop/LazyLayers/test/decode-limits.test.js:72:1'
  failureType: 'testCodeFailure'
  error: |-
    built-in consumers need a strict bounded record decoder
    + actual - expected
    
    + 'undefined'
    - 'function'
    
  code: 'ERR_ASSERTION'
  name: 'AssertionError'
  expected: 'function'
  actual: 'undefined'
  operator: 'strictEqual'
  stack: |-
    decode (file:///Users/apple/Desktop/LazyLayers/test/decode-limits.test.js:9:10)
    TestContext.<anonymous> (file:///Users/apple/Desktop/LazyLayers/test/decode-limits.test.js:78:22)
    Test.runInAsyncScope (node:async_hooks:227:14)
    Test.run (node:internal/test_runner/test:1402:25)
    Test.processPendingSubtests (node:internal/test_runner/test:974:18)
    Test.postRun (node:internal/test_runner/test:1542:19)
    Test.run (node:internal/test_runner/test:1467:12)
    async Test.processPendingSubtests (node:internal/test_runner/test:974:7)
  ...
# Subtest: known emitted MessagePack extensions keep their legacy round-trip values
not ok 8 - known emitted MessagePack extensions keep their legacy round-trip values
  ---
  duration_ms: 0.153916
  type: 'test'
  location: '/Users/apple/Desktop/LazyLayers/test/decode-limits.test.js:87:1'
  failureType: 'testCodeFailure'
  error: |-
    built-in consumers need a strict bounded record decoder
    + actual - expected
    
    + 'undefined'
    - 'function'
    
  code: 'ERR_ASSERTION'
  name: 'AssertionError'
  expected: 'function'
  actual: 'undefined'
  operator: 'strictEqual'
  stack: |-
    decode (file:///Users/apple/Desktop/LazyLayers/test/decode-limits.test.js:9:10)
    TestContext.<anonymous> (file:///Users/apple/Desktop/LazyLayers/test/decode-limits.test.js:99:20)
    Test.runInAsyncScope (node:async_hooks:227:14)
    Test.run (node:internal/test_runner/test:1402:25)
    Test.processPendingSubtests (node:internal/test_runner/test:974:18)
    Test.postRun (node:internal/test_runner/test:1542:19)
    Test.run (node:internal/test_runner/test:1467:12)
    async Test.processPendingSubtests (node:internal/test_runner/test:974:7)
  ...
# Subtest: foreign record/reference/bundled extensions become reloadable misses
not ok 9 - foreign record/reference/bundled extensions become reloadable misses
  ---
  duration_ms: 0.148042
  type: 'test'
  location: '/Users/apple/Desktop/LazyLayers/test/decode-limits.test.js:105:1'
  failureType: 'testCodeFailure'
  error: |-
    built-in consumers need a strict bounded record decoder
    + actual - expected
    
    + 'undefined'
    - 'function'
    
  code: 'ERR_ASSERTION'
  name: 'AssertionError'
  expected: 'function'
  actual: 'undefined'
  operator: 'strictEqual'
  stack: |-
    decode (file:///Users/apple/Desktop/LazyLayers/test/decode-limits.test.js:9:10)
    TestContext.<anonymous> (file:///Users/apple/Desktop/LazyLayers/test/decode-limits.test.js:108:22)
    Test.runInAsyncScope (node:async_hooks:227:14)
    Test.run (node:internal/test_runner/test:1402:25)
    Test.processPendingSubtests (node:internal/test_runner/test:974:18)
    Test.postRun (node:internal/test_runner/test:1542:19)
    Test.run (node:internal/test_runner/test:1467:12)
    async Test.processPendingSubtests (node:internal/test_runner/test:974:7)
  ...
# Subtest: portable raw and gzip records enforce the configured decoded cap
not ok 10 - portable raw and gzip records enforce the configured decoded cap
  ---
  duration_ms: 1.181291
  type: 'test'
  location: '/Users/apple/Desktop/LazyLayers/test/decode-limits.test.js:112:1'
  failureType: 'testCodeFailure'
  error: 'Missing expected rejection.'
  code: 'ERR_ASSERTION'
  name: 'AssertionError'
  expected:
  operator: 'rejects'
  stack: |-
    async TestContext.<anonymous> (file:///Users/apple/Desktop/LazyLayers/test/decode-limits.test.js:116:5)
    async Test.run (node:internal/test_runner/test:1409:7)
    async Test.processPendingSubtests (node:internal/test_runner/test:974:7)
  ...
# Subtest: invalid decode limits fail at configuration boundaries
not ok 11 - invalid decode limits fail at configuration boundaries
  ---
  duration_ms: 0.0885
  type: 'test'
  location: '/Users/apple/Desktop/LazyLayers/test/decode-limits.test.js:123:1'
  failureType: 'testCodeFailure'
  error: |-
    Expected values to be strictly equal:
    + actual - expected
    
    + 'undefined'
    - 'function'
    
  code: 'ERR_ASSERTION'
  name: 'AssertionError'
  expected: 'function'
  actual: 'undefined'
  operator: 'strictEqual'
  stack: |-
    TestContext.<anonymous> (file:///Users/apple/Desktop/LazyLayers/test/decode-limits.test.js:124:10)
    Test.runInAsyncScope (node:async_hooks:227:14)
    Test.run (node:internal/test_runner/test:1402:25)
    Test.processPendingSubtests (node:internal/test_runner/test:974:18)
    Test.postRun (node:internal/test_runner/test:1542:19)
    Test.run (node:internal/test_runner/test:1467:12)
    async Test.processPendingSubtests (node:internal/test_runner/test:974:7)
  ...
# Subtest: L1 uses configured strict limits and cleans up rejected decoded records
not ok 12 - L1 uses configured strict limits and cleans up rejected decoded records
  ---
  duration_ms: 2.901541
  type: 'test'
  location: '/Users/apple/Desktop/LazyLayers/test/decode-limits.test.js:130:1'
  failureType: 'testCodeFailure'
  error: |-
    oversized decoded output must become a miss
    
    false !== true
    
  code: 'ERR_ASSERTION'
  name: 'AssertionError'
  expected: true
  actual: false
  operator: 'strictEqual'
  stack: |-
    TestContext.<anonymous> (file:///Users/apple/Desktop/LazyLayers/test/decode-limits.test.js:136:12)
    async Test.run (node:internal/test_runner/test:1409:7)
    async Test.processPendingSubtests (node:internal/test_runner/test:974:7)
  ...
# Subtest: a direct L1 has check performs no global expiration sweep
not ok 13 - a direct L1 has check performs no global expiration sweep
  ---
  duration_ms: 2.360208
  type: 'test'
  location: '/Users/apple/Desktop/LazyLayers/test/memory-audit-regressions.test.js:8:1'
  failureType: 'testCodeFailure'
  error: |-
    one-key presence checks must not visit the entire cache
    
    2 !== 0
    
  code: 'ERR_ASSERTION'
  name: 'AssertionError'
  expected: 0
  actual: 2
  operator: 'strictEqual'
  stack: |-
    TestContext.<anonymous> (file:///Users/apple/Desktop/LazyLayers/test/memory-audit-regressions.test.js:16:12)
    async Test.run (node:internal/test_runner/test:1409:7)
    async startSubtestAfterBootstrap (node:internal/test_runner/harness:387:3)
  ...
# Subtest: a queried expired key releases its bytes without purging other entries
ok 14 - a queried expired key releases its bytes without purging other entries
  ---
  duration_ms: 22.499791
  type: 'test'
  ...
# Subtest: a large configured count cannot preallocate storage before byte admission
not ok 15 - a large configured count cannot preallocate storage before byte admission
  ---
  duration_ms: 0.355458
  type: 'test'
  location: '/Users/apple/Desktop/LazyLayers/test/memory-audit-regressions.test.js:33:1'
  failureType: 'testCodeFailure'
  error: |-
    Got unwanted exception.
    Actual message: "Configured-capacity preallocation blocked by test resource budget"
  code: 'ERR_ASSERTION'
  name: 'AssertionError'
  actual:
  error: 'Configured-capacity preallocation blocked by test resource budget'
  stack: |-
    Array.from (file:///Users/apple/Desktop/LazyLayers/test/memory-audit-regressions.test.js:40:47)
    new d (file:///Users/apple/Desktop/LazyLayers/node_modules/lru-cache/dist/esm/node/index.min.js:1:3314)
    new MemoryStore (file:///private/tmp/lazy-layers-ca9c02a-audit/dist/cache/memoryStore.js:39:22)
    file:///Users/apple/Desktop/LazyLayers/test/memory-audit-regressions.test.js:43:41
    getActual (node:assert:611:5)
    strict.doesNotThrow (node:assert:779:32)
    TestContext.<anonymous> (file:///Users/apple/Desktop/LazyLayers/test/memory-audit-regressions.test.js:43:12)
    Test.runInAsyncScope (node:async_hooks:227:14)
    Test.run (node:internal/test_runner/test:1402:25)
    Test.processPendingSubtests (node:internal/test_runner/test:974:18)
  operator: 'doesNotThrow'
  stack: |-
    TestContext.<anonymous> (file:///Users/apple/Desktop/LazyLayers/test/memory-audit-regressions.test.js:43:12)
    Test.runInAsyncScope (node:async_hooks:227:14)
    Test.run (node:internal/test_runner/test:1402:25)
    Test.processPendingSubtests (node:internal/test_runner/test:974:18)
    Test.postRun (node:internal/test_runner/test:1542:19)
    Test.run (node:internal/test_runner/test:1467:12)
    async Test.processPendingSubtests (node:internal/test_runner/test:974:7)
  ...
# Subtest: closed L1 stores do not invoke serialization hooks or resurrect entries
not ok 16 - closed L1 stores do not invoke serialization hooks or resurrect entries
  ---
  duration_ms: 0.306667
  type: 'test'
  location: '/Users/apple/Desktop/LazyLayers/test/memory-audit-regressions.test.js:51:1'
  failureType: 'testCodeFailure'
  error: |-
    Expected values to be strictly equal:
    
    1 !== 0
    
  code: 'ERR_ASSERTION'
  name: 'AssertionError'
  expected: 0
  actual: 1
  operator: 'strictEqual'
  stack: |-
    TestContext.<anonymous> (file:///Users/apple/Desktop/LazyLayers/test/memory-audit-regressions.test.js:57:12)
    async Test.run (node:internal/test_runner/test:1409:7)
    async Test.processPendingSubtests (node:internal/test_runner/test:974:7)
  ...
# Subtest: expired entries cannot create an unbounded victim-search scan on admission
not ok 17 - expired entries cannot create an unbounded victim-search scan on admission
  ---
  duration_ms: 24.349708
  type: 'test'
  location: '/Users/apple/Desktop/LazyLayers/test/memory-audit-regressions.test.js:67:1'
  failureType: 'testCodeFailure'
  error: 'one admission performed 517 map lookups across expired residents'
  code: 'ERR_ASSERTION'
  name: 'AssertionError'
  expected: true
  actual: false
  operator: '=='
  stack: |-
    TestContext.<anonymous> (file:///Users/apple/Desktop/LazyLayers/test/memory-audit-regressions.test.js:76:12)
    async Test.run (node:internal/test_runner/test:1409:7)
    async Test.processPendingSubtests (node:internal/test_runner/test:974:7)
  ...
# Subtest: corrupt records reload while a legitimate cached null remains a hit
not ok 18 - corrupt records reload while a legitimate cached null remains a hit
  ---
  duration_ms: 0.730875
  type: 'test'
  location: '/Users/apple/Desktop/LazyLayers/test/memory-audit-regressions.test.js:80:1'
  failureType: 'testCodeFailure'
  error: |-
    Expected values to be strictly equal:
    + actual - expected
    
    + C1Type {
    +   name: 'MessagePack 0xC1'
    + }
    - 'fresh'
    
  code: 'ERR_ASSERTION'
  name: 'AssertionError'
  expected: 'fresh'
  actual:
    name: 'MessagePack 0xC1'
  operator: 'strictEqual'
  stack: |-
    TestContext.<anonymous> (file:///Users/apple/Desktop/LazyLayers/test/memory-audit-regressions.test.js:86:12)
    async Test.run (node:internal/test_runner/test:1409:7)
    async Test.processPendingSubtests (node:internal/test_runner/test:974:7)
  ...
# Subtest: inspection limits constrain actual decode despite forged expanded-size metadata
not ok 19 - inspection limits constrain actual decode despite forged expanded-size metadata
  ---
  duration_ms: 0.93125
  type: 'test'
  location: '/Users/apple/Desktop/LazyLayers/test/memory-audit-regressions.test.js:93:1'
  failureType: 'testCodeFailure'
  error: |-
    preview must reject actual expanded output above its cap
    
    false !== true
    
  code: 'ERR_ASSERTION'
  name: 'AssertionError'
  expected: true
  actual: false
  operator: 'strictEqual'
  stack: |-
    TestContext.<anonymous> (file:///Users/apple/Desktop/LazyLayers/test/memory-audit-regressions.test.js:98:12)
    async Test.run (node:internal/test_runner/test:1409:7)
    async Test.processPendingSubtests (node:internal/test_runner/test:974:7)
  ...
1..19
# tests 19
# suites 0
# pass 1
# fail 18
# cancelled 0
# skipped 0
# todo 0
# duration_ms 261.917291
