npm notice run lazy-layers-cache@0.6.3 npx
npm notice run 'vc' inspect https://lazy-layers-cache-9h4y9j4zb-amonsharma2000-5287s-projects.vercel.app --logs
Vercel CLI 63.1.0
Fetching deployment "lazy-layers-cache-9h4y9j4zb-amonsharma2000-5287s-projects.vercel.app" in amonsharma2000-5287s-projects
2026-10-08T14:38:58.036Z  Running build in Washington, D.C., USA (East) – iad1
2026-10-08T14:38:58.036Z  Build machine configuration: 2 cores, 8 GB
2026-10-08T14:38:58.080Z  Retrieving list of deployment files...
2026-10-08T14:38:58.437Z  Downloading 585 deployment files...
2026-10-08T14:39:05.042Z  Restored build cache from previous deployment (DpBVboPbtDL2UzJXGjRvkWpxGVVy)
2026-10-08T14:39:05.422Z  Running "vercel build"
2026-10-08T14:39:05.432Z  Vercel CLI 62.1.0
2026-10-08T14:39:06.168Z  Installing dependencies...
2026-10-08T14:39:07.002Z  
2026-10-08T14:39:07.002Z  up to date in 676ms
2026-10-08T14:39:07.003Z  
2026-10-08T14:39:07.003Z  7 packages are looking for funding
2026-10-08T14:39:07.003Z  run `npm fund` for details
2026-10-08T14:39:07.004Z  npm warn install-scripts 1 package has install scripts not yet covered by allowScripts:
2026-10-08T14:39:07.004Z  npm warn install-scripts   esbuild@0.28.2 (postinstall: node install.js)
2026-10-08T14:39:07.005Z  npm warn install-scripts
2026-10-08T14:39:07.005Z  npm warn install-scripts Run `npm install-scripts ls` to review, or `npm install-scripts approve <pkg>` to allow.
2026-10-08T14:39:07.245Z  
2026-10-08T14:39:07.245Z  > lazy-layers-site@0.1.0 build
2026-10-08T14:39:07.245Z  > vite build
2026-10-08T14:39:07.245Z  
2026-10-08T14:39:07.798Z  vite v7.3.6 building client environment for production...
2026-10-08T14:39:07.949Z  transforming...
2026-10-08T14:39:08.192Z  ✓ 17 modules transformed.
2026-10-08T14:39:08.259Z  rendering chunks...
2026-10-08T14:39:08.326Z  computing gzip size...
2026-10-08T14:39:08.335Z  dist/index.html                                   263.45 kB │ gzip: 37.87 kB
2026-10-08T14:39:08.335Z  dist/assets/style-BwFZBlpz.css                     75.83 kB │ gzip: 16.18 kB
2026-10-08T14:39:08.336Z  dist/assets/index-CasDpbl6.js                      16.15 kB │ gzip:  6.62 kB
2026-10-08T14:39:08.336Z  dist/assets/locomotive-scroll.modern-CsPuFI96.js   35.13 kB │ gzip:  9.03 kB
2026-10-08T14:39:08.336Z  ✓ built in 491ms
2026-10-08T14:39:08.449Z  Build Completed in /vercel/output [2s]
2026-10-08T14:39:08.475Z  Deploying outputs...
2026-10-08T14:39:09.683Z  Deployment completed
2026-10-08T14:39:09.686Z  Creating build cache...
2026-10-08T14:39:12.343Z  Created build cache: 3s
2026-10-08T14:39:12.343Z  Uploading build cache [20.11 MB]
2026-10-08T14:39:12.828Z  Build cache uploaded: 485.000ms
status	● Ready
